// Jest Snapshot v1, https://jestjs.io/docs/snapshot-testing

exports[`ShapePicker component snapshot renders ShapePicker component 1`] = `
<div>
  <div>
    <label
      for="selectShape"
    >
      Choose shapes:
    </label>
    <select
      id="selectShape"
      multiple=""
      size="4"
    >
      <option
        value="Square"
      >
        Square
      </option>
      <option
        value="Rectangle"
      >
        Rectangle
      </option>
      <option
        value="Circle"
      >
        Circle
      </option>
      <option
        value="Oval"
      >
        Oval
      </option>
      <option
        value="TriangleUp"
      >
        TriangleUp
      </option>
      <option
        value="TriangleDown"
      >
        TriangleDown
      </option>
      <option
        value="TriangleLeft"
      >
        TriangleLeft
      </option>
      <option
        value="TriangleRight"
      >
        TriangleRight
      </option>
      <option
        value="TriangleTopLeft"
      >
        TriangleTopLeft
      </option>
      <option
        value="TriangleTopRight"
      >
        TriangleTopRight
      </option>
      <option
        value="TriangleBottomLeft"
      >
        TriangleBottomLeft
      </option>
      <option
        value="TriangleBottomRight"
      >
        TriangleBottomRight
      </option>
      <option
        value="CurvedArrow"
      >
        CurvedArrow
      </option>
      <option
        value="Trapezoid"
      >
        Trapezoid
      </option>
      <option
        value="Parallelogram"
      >
        Parallelogram
      </option>
      <option
        value="StarSix"
      >
        StarSix
      </option>
      <option
        value="StarFive"
      >
        StarFive
      </option>
      <option
        value="Pentagon"
      >
        Pentagon
      </option>
      <option
        value="Hexagon"
      >
        Hexagon
      </option>
      <option
        value="Octagon"
      >
        Octagon
      </option>
      <option
        value="Heart"
      >
        Heart
      </option>
      <option
        value="InfinityShape"
      >
        InfinityShape
      </option>
      <option
        value="Diamond"
      >
        Diamond
      </option>
      <option
        value="DiamondShield"
      >
        DiamondShield
      </option>
      <option
        value="DiamondNarrow"
      >
        DiamondNarrow
      </option>
      <option
        value="CutDiamond"
      >
        CutDiamond
      </option>
      <option
        value="Egg"
      >
        Egg
      </option>
      <option
        value="Pacman"
      >
        Pacman
      </option>
      <option
        value="TalkBubble"
      >
        TalkBubble
      </option>
      <option
        value="Rss"
      >
        Rss
      </option>
      <option
        value="Burst12"
      >
        Burst12
      </option>
      <option
        value="Burst8"
      >
        Burst8
      </option>
      <option
        value="YinYang"
      >
        YinYang
      </option>
      <option
        value="BadgeRibbon"
      >
        BadgeRibbon
      </option>
      <option
        value="SpaceInvader"
      >
        SpaceInvader
      </option>
      <option
        value="Tv"
      >
        Tv
      </option>
      <option
        value="Chevron"
      >
        Chevron
      </option>
      <option
        value="MagnifyingGlass"
      >
        MagnifyingGlass
      </option>
      <option
        value="FacebookIcon"
      >
        FacebookIcon
      </option>
      <option
        value="Moon"
      >
        Moon
      </option>
      <option
        value="Flag"
      >
        Flag
      </option>
      <option
        value="Cone"
      >
        Cone
      </option>
      <option
        value="Cross"
      >
        Cross
      </option>
      <option
        value="Base"
      >
        Base
      </option>
      <option
        value="Pointer"
      >
        Pointer
      </option>
      <option
        value="Lock"
      >
        Lock
      </option>
      <option
        value="CurvedCornerBottomLeft"
      >
        CurvedCornerBottomLeft
      </option>
      <option
        value="CurvedCornerBottomRight"
      >
        CurvedCornerBottomRight
      </option>
      <option
        value="CurvedCornerTopLeft"
      >
        CurvedCornerTopLeft
      </option>
      <option
        value="CurvedCornerTopRight"
      >
        CurvedCornerTopRight
      </option>
    </select>
  </div>
</div>
`;
